C51 COMPILER V9.57.0.0   DELAY                                                             05/26/2025 22:54:57 PAGE 1   


C51 COMPILER V9.57.0.0, COMPILATION OF MODULE DELAY
OBJECT MODULE PLACED IN .\Objects\Delay.obj
COMPILER INVOKED BY: E:\Study\Keil\keil c51\KeilData\C51\BIN\C51.EXE Delay.c OPTIMIZE(8,SPEED) BROWSE DEBUG OBJECTEXTEND
                    - PRINT(.\Listings\Delay.lst) OBJECT(.\Objects\Delay.obj)

line level    source

   1          #include <REGX52.H>
   2          #include <INTRINS.H>
   3          
   4          // 延时函数 (毫秒级，适用于11.0592MHz晶振)
   5          void Delay_ms(unsigned int xms) //@11.0592MHz
   6          {
   7   1              unsigned char data i, j;
   8   1              
   9   1              while(xms--)
  10   1              {
  11   2                      _nop_();
  12   2                      i = 2;
  13   2                      j = 199;
  14   2                      do
  15   2                      {
  16   3                              while (--j);
  17   3                      } while (--i);
  18   2              }
  19   1      }
  20          // 延时函数 (微秒级)
  21          void Delay_us(unsigned int xus) {
  22   1          unsigned int i;
  23   1          // 1次循环约等于1us
  24   1          for(i = 0; i < xus; i++);
  25   1      }


MODULE INFORMATION:   STATIC OVERLAYABLE
   CODE SIZE        =     40    ----
   CONSTANT SIZE    =   ----    ----
   XDATA SIZE       =   ----    ----
   PDATA SIZE       =   ----    ----
   DATA SIZE        =   ----    ----
   IDATA SIZE       =   ----    ----
   BIT SIZE         =   ----    ----
END OF MODULE INFORMATION.


C51 COMPILATION COMPLETE.  0 WARNING(S),  0 ERROR(S)
